17:16:29 Looking for D:\SFG\Desarrollo\Prog\emailRecordatorioPago.p
Compiling D:\SFG\Desarrollo\Prog\emailRecordatorioPago.p
17:16:30 Looking for D:\SFG\Desarrollo\Prog\mail.p
Compiling D:\SFG\Desarrollo\Prog\mail.p
Tabla desconocida o ambigua Logs (725)
** D:\SFG\Desarrollo\Prog\mail.p No se entiende línea 102. (196)
** Nombre de tabla Logs desconocido. (200)
** D:\SFG\Desarrollo\Prog\mail.p No se entiende línea 103. (196)
